
> my-v0-project@0.1.0 build
> next build

  ▲ Next.js 14.2.35

   Creating an optimized production build ...
 ✓ Compiled successfully
   Skipping validation of types
   Linting ...
   Collecting page data ...
   Generating static pages (0/617) ...
   Generating static pages (154/617) 
[
  {
    image: {
      src: '/assets/Luxury/Golden Triangle/The Imperial.webp',
      alt: 'The Imperial Delhi'
    },
    name: 'The Imperial',
    location: 'New Delhi, India',
    description: "Un hôtel emblématique au cœur de Delhi, offrant le charme de l'époque coloniale et le luxe moderne avec un service impeccable.",
    rating: 5
  },
  {
    image: {
      src: '/assets/Luxury/Golden Triangle/The Oberoi Amarvilas.webp',
      alt: 'The Oberoi Amarvilas'
    },
    name: 'The Oberoi Amarvilas',
    location: 'Agra, India',
    description: "Resort de luxe offrant une vue imprenable sur le Taj Mahal depuis chaque chambre, avec une architecture d'inspiration moghole.",
    rating: 5
  },
  {
    image: {
      src: '/assets/Luxury/Golden Triangle/Rambagh Palace.webp',
      alt: 'Rambagh Palace'
    },
    name: 'Taj Rambagh Palace',
    location: 'Jaipur, India',
    description: 'Ancienne résidence du Maharaja de Jaipur, offrant un luxe inégalé et une hospitalité royale dans la Ville Rose.',
    rating: 5
  }
]
[
  {
    image: {
      src: '/assets/Luxury/Golden Triangle/The Imperial.webp',
      alt: 'The Imperial Delhi'
    },
    name: 'The Imperial',
    location: 'New Delhi, India',
    description: 'Un hôtel historique au cœur de Delhi, offrant charme colonial et luxe moderne avec un service impeccable.',
    rating: 5
  },
  {
    image: {
      src: '/assets/Luxury/Golden Triangle/The Oberoi Amarvilas.webp',
      alt: 'The Oberoi Amarvilas'
    },
    name: 'The Oberoi Amarvilas',
    location: 'Agra, India',
    description: "Resort de luxe offrant une vue imprenable sur le Taj Mahal depuis chaque chambre, inspiré par l'architecture moghole.",
    rating: 5
  },
  {
    image: {
      src: '/assets/Luxury/Golden Triangle/Rambagh Palace.webp',
      alt: 'Rambagh Palace'
    },
    name: 'Taj Rambagh Palace',
    location: 'Jaipur, India',
    description: 'Ancienne résidence du Maharaja de Jaipur, offrant un luxe inégalé et une hospitalité royale dans la Ville Rose.',
    rating: 5
  }
]
[
  {
    image: {
      src: '/assets/Luxury/Kerala/forte-kochi.webp',
      alt: 'Forte Kochi - Hôtel Boutique de Patrimoine et Luxe'
    },
    name: 'Forte Kochi',
    location: 'Kochi, Inde',
    description: 'Hôtel Boutique de patrimoine et luxe offrant des hébergements élégants au charme colonial et aux équipements modernes au cœur de Fort Kochi.',
    rating: 5
  },
  {
    image: {
      src: '/assets/Luxury/Kerala/hotel-amber-dale.webp',
      alt: 'Hôtel Amber Dale'
    },
    name: 'Hôtel Amber Dale',
    location: 'Munnar, Inde',
    description: 'Hôtel de luxe niché dans les collines de Munnar avec des vues imprenables sur les plantations de thé, offrant des équipements haut de gamme et des services de spa.',
    rating: 5
  },
  {
    image: {
      src: '/assets/Luxury/Kerala/southern-panorama-cruise.webp',
      alt: 'Southern Panorama Cruise Luxury'
    },
    name: 'Southern Panorama Cruise Luxury',
    location: 'Alleppey, Inde',
    description: 'Houseboat de luxe offrant des équipements haut de gamme, une cuisine traditionnelle du Kerala et des vues panoramiques sur les backwaters sereins.',
    rating: 5
  }
]
[
  {
    image: {
      src: '/assets/Luxury/Rajasthan/Rambagh Palace.webp',
      alt: 'Rambagh Palace'
    },
    name: 'Rambagh Palace',
    location: 'Jaipur, Inde',
    description: 'Ancienne résidence du Maharaja de Jaipur, offrant un luxe inégalé au cœur de la Ville Rose.',
    rating: 5
  },
  {
    image: {
      src: '/assets/Luxury/Rajasthan/Oberoi Vanyavilas.webp',
      alt: 'Oberoi Vanyavilas'
    },
    name: 'Oberoi Vanyavilas',
    location: 'Ranthambore, Inde',
    description: 'Campement de luxe offrant une expérience sauvage exquise avec des services de safari premium.',
    rating: 5
  },
  {
    image: {
      src: '/assets/Luxury/Rajasthan/Umaid Bhawan Palace.webp',
      alt: 'Umaid Bhawan Palace'
    },
    name: 'Umaid Bhawan Palace',
    location: 'Jodhpur, Inde',
    description: "L'une des plus grandes résidences privées au monde, avec suites royales et intérieurs Art Déco.",
    rating: 5
  },
  {
    image: {
      src: '/assets/Luxury/Rajasthan/Oberoi Udaivilas.webp',
      alt: 'Oberoi Udaivilas'
    },
    name: 'Oberoi Udaivilas',
    location: 'Udaipur, Inde',
    description: "Resort de luxe majestueux sur les rives du lac Pichola, à l'architecture palatiale.",
    rating: 5
  }
]
[
  {
    image: {
      src: '/assets/Luxury/Kerala/grand-hyatt-kochi.webp',
      alt: 'Grand Hyatt Kochi Bolgatty'
    },
    name: 'Grand Hyatt Kochi Bolgatty',
    location: 'Kochi, Inde',
    description: "Hôtel 5 étoiles de luxe sur l'île de Bolgatty avec vue panoramique.",
    rating: 5
  },
  {
    image: {
      src: '/assets/Luxury/Kerala/blanket-resort.webp',
      alt: 'Blanket Hotel & Spa'
    },
    name: 'Blanket Hotel & Spa',
    location: 'Munnar, Inde',
    description: 'Resort de montagne niché dans les plantations de thé.',
    rating: 5
  },
  {
    image: {
      src: '/assets/Luxury/Kerala/elephant-court.webp',
      alt: 'Elephant Court'
    },
    name: 'Elephant Court',
    location: 'Thekkady, Inde',
    description: 'Hébergement élégant à proximité du sanctuaire de Periyar.',
    rating: 5
  },
  {
    image: {
      src: '/assets/Luxury/Kerala/estuary-sarovar.webp',
      alt: 'Estuary Sarovar Portico'
    },
    name: 'Estuary Sarovar Portico',
    location: 'Poovar, Inde',
    description: 'Resort unique situé au confluent de la rivière et de la mer.',
    rating: 5
  }
]
[
  {
    image: {
      src: '/assets/Luxury/Kerala/forte-kochi.webp',
      alt: 'Forte Kochi - Heritage & Luxury Boutique Hotel'
    },
    name: 'Forte Kochi',
    location: 'Kochi, India',
    description: 'Heritage & Luxury Boutique Hotel che offre sistemazioni eleganti con fascino coloniale e comfort moderni nel cuore di Fort Kochi.',
    rating: 5
  },
  {
    image: {
      src: '/assets/Luxury/Kerala/hotel-amber-dale.webp',
      alt: 'Hotel Amber Dale'
    },
    name: 'Hotel Amber Dale',
    location: 'Munnar, India',
    description: 'Hotel di lusso immerso nelle colline di Munnar con viste mozzafiato sulle piantagioni di tè, che offre servizi premium e trattamenti spa.',
    rating: 5
  },
  {
    image: {
      src: '/assets/Luxury/Kerala/southern-panorama-cruise.webp',
      alt: 'Southern Panorama Cruise Luxury'
    },
    name: 'Southern Panorama Cruise Luxury',
    location: 'Alleppey, India',
    description: 'Houseboat di lusso che offre servizi premium, cucina tradizionale del Kerala e viste panoramiche sulle serene lagune.',
    rating: 5
  }
]
[
  {
    image: {
      src: '/assets/Luxury/Rajasthan/Rambagh Palace.webp',
      alt: 'Rambagh Palace'
    },
    name: 'Rambagh Palace',
    location: 'Jaipur, India',
    description: 'Ancienne résidence du Maharaja de Jaipur, offrant un luxe inégalé au cœur de la Ville Rose.',
    rating: 5
  },
  {
    image: {
      src: '/assets/Luxury/Rajasthan/Umaid Bhawan Palace.webp',
      alt: 'Umaid Bhawan Palace'
    },
    name: 'Umaid Bhawan Palace',
    location: 'Jodhpur, India',
    description: "L'une des plus grandes résidences privées au monde, avec suites royales et service impeccable.",
    rating: 5
  },
  {
    image: {
      src: '/assets/Luxury/Rajasthan/raas-jodhpur.webp',
      alt: 'RAAS Jodhpur'
    },
    name: 'RAAS Jodhpur',
    location: 'Jodhpur, India',
    description: 'Hôtel de patrimoine boutique au design contemporain, offrant une vue imprenable sur le fort de Mehrangarh.',
    rating: 5
  },
  {
    image: {
      src: '/assets/Luxury/Rajasthan/Oberoi Udaivilas.webp',
      alt: 'Oberoi Udaivilas'
    },
    name: 'Oberoi Udaivilas',
    location: 'Udaipur, India',
    description: 'Complexe de luxe sur les rives du lac Pichola, présentant une architecture de palais et des vues à couper le souffle.',
    rating: 5
  }
]
[
  {
    image: {
      src: '../../assets/Luxury/Rajasthan/Rambagh Palace.webp',
      alt: 'Rambagh Palace'
    },
    name: 'Rambagh Palace',
    location: 'Jaipur, India',
    description: 'Ancienne résidence du Maharaja de Jaipur, offrant un luxe inégalé et une hospitalité royale au cœur de la Ville Rose.',
    rating: 5
  },
  {
    image: {
      src: '../../assets/Luxury/Rajasthan/Jai Mahal Palace.webp',
      alt: 'Jai Mahal Palace'
    },
    name: 'Jai Mahal Palace',
    location: 'Jaipur, India',
    description: 'Palais du XVIIIe siècle situé au milieu de 18 acres de jardins moghols, offrant une hospitalité authentique du Rajasthan et du luxe.',
    rating: 5
  },
  {
    image: {
      src: '../../assets/Luxury/Rajasthan/Oberoi Udaivilas.webp',
      alt: 'Oberoi Udaivilas'
    },
    name: 'Oberoi Udaivilas',
    location: 'Udaipur, India',
    description: "Complexe de luxe s'étendant sur les rives du lac Pichola, présentant une architecture de palais et des vues imprenables sur le lac.",
    rating: 5
  },
  {
    image: {
      src: '../../assets/Luxury/Rajasthan/Taj Lake Palace.webp',
      alt: 'Taj Lake Palace'
    },
    name: 'Taj Lake Palace',
    location: 'Udaipur, India',
    description: 'Palais de marbre du XVIIe siècle flottant sur le lac Pichola, offrant un luxe romantique et un service impeccable.',
    rating: 5
  }
]
[
  {
    image: {
      src: '/assets/Luxury/Mumbai/Taj Mahal Palace.webp',
      alt: 'Taj Mahal Palace'
    },
    name: 'Taj Mahal Palace',
    location: 'Mumbai, Inde',
    description: 'Hôtel de luxe emblématique surplombant le Gateway of India.',
    rating: 5
  },
  {
    image: {
      src: '/assets/Luxury/Mumbai/The Oberoi.webp',
      alt: 'The Oberoi Mumbai'
    },
    name: 'The Oberoi',
    location: 'Mumbai, Inde',
    description: 'Hôtel de luxe contemporain avec vue imprenable sur Marine Drive.',
    rating: 5
  },
  {
    image: {
      src: '/assets/Luxury/Mumbai/Trident Nariman Point.webp',
      alt: 'Trident Nariman Point'
    },
    name: 'Trident Nariman Point',
    location: 'Mumbai, Inde',
    description: "Hôtel de luxe face à la mer offrant une vue panoramique sur la mer d'Arabie.",
    rating: 5
  }
]
[
  {
    image: {
      src: '/assets/Luxury/Karnataka/the-lalit-ashok.webp',
      alt: 'The LaLiT Ashok Bengaluru'
    },
    name: 'The LaLiT Ashok Bengaluru',
    location: 'Bengaluru, India',
    description: 'Hôtel de luxe offrant des hébergements élégants et un service impeccable au cœur de Bangalore.',
    rating: 5
  },
  {
    image: {
      src: '/assets/Luxury/Karnataka/radisson-blu-plaza.webp',
      alt: 'Radisson Blu Plaza Hotel, Mysore'
    },
    name: 'Radisson Blu Plaza Hotel, Mysore',
    location: 'Mysore, India',
    description: 'Hôtel de luxe premium offrant une hospitalité royale dans la capitale culturelle du Karnataka.',
    rating: 5
  },
  {
    image: {
      src: '/assets/Luxury/Karnataka/the-serai-bandipur.webp',
      alt: 'The Serai Bandipur'
    },
    name: 'The Serai Bandipur',
    location: 'Bandipur National Park, India',
    description: 'Resort de luxe offrant des vues imprenable sur la vie sauvage et des expériences exclusives.',
    rating: 5
  }
]
[
  {
    image: {
      src: '/assets/Luxury/Rajasthan/Rambagh Palace.webp',
      alt: 'Rambagh Palace'
    },
    name: 'Rambagh Palace',
    location: 'Jaipur, India',
    description: 'Ex residenza del Maharaja di Jaipur, offre un lusso impareggiabile nel cuore della Città Rosa.',
    rating: 5
  },
  {
    image: {
      src: '/assets/Luxury/Rajasthan/Oberoi Vanyavilas.webp',
      alt: 'Oberoi Vanyavilas'
    },
    name: 'Oberoi Vanyavilas',
    location: 'Ranthambore, India',
    description: "Accampamento di lusso per un'esperienza selvaggia squisita con servizi safari premium.",
    rating: 5
  },
  {
    image: {
      src: '/assets/Luxury/Rajasthan/Umaid Bhawan Palace.webp',
      alt: 'Umaid Bhawan Palace'
    },
    name: 'Umaid Bhawan Palace',
    location: 'Jodhpur, India',
    description: 'Una delle più grandi residenze private al mondo, con suite reali e interni Art Déco.',
    rating: 5
  },
  {
    image: {
      src: '/assets/Luxury/Rajasthan/Oberoi Udaivilas.webp',
      alt: 'Oberoi Udaivilas'
    },
    name: 'Oberoi Udaivilas',
    location: 'Udaipur, India',
    description: "Maestoso resort di lusso sulle rive del lago Pichola, dall'architettura palaziale.",
    rating: 5
  }
]
[
  {
    image: {
      src: '/assets/Luxury/Kerala/grand-hyatt-kochi.webp',
      alt: 'Grand Hyatt Kochi Bolgatty'
    },
    name: 'Grand Hyatt Kochi Bolgatty',
    location: 'Kochi, India',
    description: "Hotel 5 stelle di lusso sull'isola di Bolgatty con vista sulle backwaters.",
    rating: 5
  },
  {
    image: {
      src: '/assets/Luxury/Kerala/blanket-resort.webp',
      alt: 'Blanket Hotel & Spa'
    },
    name: 'Blanket Hotel & Spa',
    location: 'Munnar, India',
    description: 'Resort montano immerso nelle piantagioni di tè.',
    rating: 5
  },
  {
    image: {
      src: '/assets/Luxury/Kerala/elephant-court.webp',
      alt: 'Elephant Court'
    },
    name: 'Elephant Court',
    location: 'Thekkady, India',
    description: 'Sistemazione elegante vicino al santuario di Periyar.',
    rating: 5
  },
  {
    image: {
      src: '/assets/Luxury/Kerala/estuary-sarovar.webp',
      alt: 'Estuary Sarovar Portico'
    },
    name: 'Estuary Sarovar Portico',
    location: 'Poovar, India',
    description: 'Resort unico alla confluenza tra fiume e mare.',
    rating: 5
  }
]
[
  {
    image: {
      src: '/assets/Luxury/Rajasthan/Rambagh Palace.webp',
      alt: 'Rambagh Palace'
    },
    name: 'Rambagh Palace',
    location: 'Jaipur, India',
    description: 'Ex residenza del Maharaja di Jaipur, offre un lusso impareggiabile nel cuore della Città Rosa.',
    rating: 5
  },
  {
    image: {
      src: '/assets/Luxury/Rajasthan/Umaid Bhawan Palace.webp',
      alt: 'Umaid Bhawan Palace'
    },
    name: 'Umaid Bhawan Palace',
    location: 'Jodhpur, India',
    description: 'Una delle più grandi residenze private al mondo, con suite reali e servizio impeccabile.',
    rating: 5
  },
  {
    image: {
      src: '/assets/Luxury/Rajasthan/raas-jodhpur.webp',
      alt: 'RAAS Jodhpur'
    },
    name: 'RAAS Jodhpur',
    location: 'Jodhpur, India',
    description: 'Boutique heritage hotel dal design contemporaneo, con viste mozzafiato sul Mehrangarh Fort.',
    rating: 5
  },
  {
    image: {
      src: '/assets/Luxury/Rajasthan/Oberoi Udaivilas.webp',
      alt: 'Oberoi Udaivilas'
    },
    name: 'Oberoi Udaivilas',
    location: 'Udaipur, India',
    description: 'Splendido resort di lusso sulle rive del Lago Pichola, con architettura di palazzo e viste mozzafiato.',
    rating: 5
  }
]
[
  {
    image: {
      src: '../../assets/Luxury/Rajasthan/Rambagh Palace.webp',
      alt: 'Rambagh Palace'
    },
    name: 'Rambagh Palace',
    location: 'Jaipur, India',
    description: 'Ex residenza del Maharaja di Jaipur, offre un lusso senza pari e ospitalità reale nel cuore della Città Rosa.',
    rating: 5
  },
  {
    image: {
      src: '../../assets/Luxury/Rajasthan/Jai Mahal Palace.webp',
      alt: 'Jai Mahal Palace'
    },
    name: 'Jai Mahal Palace',
    location: 'Jaipur, India',
    description: "Palazzo del XVIII secolo immerso in 18 acri di giardini moghul, offre un'autentica ospitalità del Rajasthan e lusso.",
    rating: 5
  },
  {
    image: {
      src: '../../assets/Luxury/Rajasthan/Oberoi Udaivilas.webp',
      alt: 'Oberoi Udaivilas'
    },
    name: 'Oberoi Udaivilas',
    location: 'Udaipur, India',
    description: 'Splendido resort di lusso sulle rive del Lago Pichola, caratterizzato da architettura di palazzo e viste mozzafiato sul lago.',
    rating: 5
  },
  {
    image: {
      src: '../../assets/Luxury/Rajasthan/Taj Lake Palace.webp',
      alt: 'Taj Lake Palace'
    },
    name: 'Taj Lake Palace',
    location: 'Udaipur, India',
    description: 'Palazzo di marmo del XVII secolo che galleggia sul Lago Pichola, offrendo lusso romantico e servizio impeccabile.',
    rating: 5
  }
]
[
  {
    image: {
      src: '/assets/Luxury/Golden Triangle/The Imperial.webp',
      alt: 'The Imperial Delhi'
    },
    name: 'The Imperial',
    location: 'New Delhi, India',
    description: "Un hotel iconico nel cuore di Delhi, che offre fascino dell'era coloniale e lusso moderno con un servizio impeccabile.",
    rating: 5
  },
  {
    image: {
      src: '/assets/Luxury/Golden Triangle/The Oberoi Amarvilas.webp',
      alt: 'The Oberoi Amarvilas'
    },
    name: 'The Oberoi Amarvilas',
    location: 'Agra, India',
    description: 'Resort di lusso che offre viste mozzafiato sul Taj Mahal da ogni camera, con architettura di ispirazione Mughal.',
    rating: 5
  },
  {
    image: {
      src: '/assets/Luxury/Golden Triangle/Rambagh Palace.webp',
      alt: 'Rambagh Palace'
    },
    name: 'Taj Rambagh Palace',
    location: 'Jaipur, India',
    description: 'Ex residenza del Maharaja di Jaipur, offre un lusso senza pari e ospitalità reale nella Città Rosa.',
    rating: 5
  }
]
[
  {
    image: {
      src: '/assets/Luxury/Mumbai/Taj Mahal Palace.webp',
      alt: 'Taj Mahal Palace'
    },
    name: 'Taj Mahal Palace',
    location: 'Mumbai, India',
    description: 'Iconico hotel di lusso affacciato sul Gateway of India.',
    rating: 5
  },
  {
    image: {
      src: '/assets/Luxury/Mumbai/The Oberoi.webp',
      alt: 'The Oberoi Mumbai'
    },
    name: 'The Oberoi',
    location: 'Mumbai, India',
    description: 'Hotel di lusso contemporaneo con viste mozzafiato su Marine Drive.',
    rating: 5
  },
  {
    image: {
      src: '/assets/Luxury/Mumbai/Trident Nariman Point.webp',
      alt: 'Trident Nariman Point'
    },
    name: 'Trident Nariman Point',
    location: 'Mumbai, India',
    description: 'Hotel di lusso fronte mare con vista panoramica sul Mar Arabico.',
    rating: 5
  }
]
[
  {
    image: {
      src: '/assets/Luxury/Golden Triangle/The Imperial.webp',
      alt: 'The Imperial Delhi'
    },
    name: 'The Imperial',
    location: 'New Delhi, India',
    description: 'Un hotel iconico nel cuore di Delhi, che offre fascino coloniale e lusso moderno con un servizio impeccabile.',
    rating: 5
  },
  {
    image: {
      src: '/assets/Luxury/Golden Triangle/The Oberoi Amarvilas.webp',
      alt: 'The Oberoi Amarvilas'
    },
    name: 'The Oberoi Amarvilas',
    location: 'Agra, India',
    description: 'Resort di lusso con viste mozzafiato sul Taj Mahal da ogni camera e architettura di ispirazione Mughal.',
    rating: 5
  },
  {
    image: {
      src: '/assets/Luxury/Golden Triangle/Rambagh Palace.webp',
      alt: 'Rambagh Palace'
    },
    name: 'Taj Rambagh Palace',
    location: 'Jaipur, India',
    description: 'Ex residenza del Maharaja di Jaipur, offre un lusso impareggiabile e ospitalità reale nella Città Rosa.',
    rating: 5
  }
]
[
  {
    image: {
      src: '/assets/Luxury/Mumbai/Taj Mahal Palace.webp',
      alt: 'Taj Mahal Palace'
    },
    name: 'Taj Mahal Palace',
    location: 'Mumbai, Indien',
    description: 'Ikonisches Luxushotel direkt am Gateway of India mit erstklassigem Service.',
    rating: 5
  },
  {
    image: {
      src: '/assets/Luxury/Mumbai/The Oberoi.webp',
      alt: 'The Oberoi Mumbai'
    },
    name: 'The Oberoi',
    location: 'Mumbai, Indien',
    description: 'Modernes Luxushotel mit spektakulärem Blick auf den Marine Drive.',
    rating: 5
  },
  {
    image: {
      src: '/assets/Luxury/Mumbai/Trident Nariman Point.webp',
      alt: 'Trident Nariman Point'
    },
    name: 'Trident Nariman Point',
    location: 'Mumbai, Indien',
    description: 'Luxuriöses Strandhotel mit Panoramablick auf das Arabische Meer.',
    rating: 5
  }
]
[
  {
    image: {
      src: '/assets/Luxury/Kerala/grand-hyatt-kochi.webp',
      alt: 'Grand Hyatt Kochi Bolgatty'
    },
    name: 'Grand Hyatt Kochi Bolgatty',
    location: 'Kochi, Indien',
    description: '5-Sterne-Luxushotel auf der Insel Bolgatty mit Panoramablick auf die Backwaters.',
    rating: 5
  },
  {
    image: {
      src: '/assets/Luxury/Kerala/blanket-resort.webp',
      alt: 'Blanket Hotel & Spa'
    },
    name: 'Blanket Hotel & Spa',
    location: 'Munnar, Indien',
    description: 'Luxus-Resort inmitten von Teeplantagen mit erstklassigem Spa.',
    rating: 5
  },
  {
    image: {
      src: '/assets/Luxury/Kerala/elephant-court.webp',
      alt: 'Elephant Court'
    },
    name: 'Elephant Court',
    location: 'Thekkady, Indien',
    description: 'Elegante Unterkünfte in der Nähe des Periyar-Wildschutzgebiets.',
    rating: 5
  },
  {
    image: {
      src: '/assets/Luxury/Kerala/estuary-sarovar.webp',
      alt: 'Estuary Sarovar Portico'
    },
    name: 'Estuary Sarovar Portico',
    location: 'Poovar, Indien',
    description: 'Einzigartiges Resort an der Mündung von Fluss und Meer.',
    rating: 5
  }
]
[
  {
    image: {
      src: '/assets/Luxury/Karnataka/the-lalit-ashok.webp',
      alt: 'The LaLiT Ashok Bengaluru'
    },
    name: 'The LaLiT Ashok Bengaluru',
    location: 'Bengaluru, India',
    description: 'Hotel di lusso con sistemazioni eleganti e servizio impeccabile nel cuore di Bangalore.',
    rating: 5
  },
  {
    image: {
      src: '/assets/Luxury/Karnataka/radisson-blu-plaza.webp',
      alt: 'Radisson Blu Plaza Hotel, Mysore'
    },
    name: 'Radisson Blu Plaza Hotel, Mysore',
    location: 'Mysore, India',
    description: 'Hotel di lusso premium che offre ospitalità reale nella capitale culturale del Karnataka.',
    rating: 5
  },
  {
    image: {
      src: '/assets/Luxury/Karnataka/the-serai-bandipur.webp',
      alt: 'The Serai Bandipur'
    },
    name: 'The Serai Bandipur',
    location: 'Bandipur National Park, India',
    description: 'Resort di lusso con viste mozzafiato sulla natura selvaggia ed esperienze esclusive.',
    rating: 5
  }
]
[
  {
    image: {
      src: '/assets/Luxury/Kerala/forte-kochi.webp',
      alt: 'Forte Kochi - Historisches Luxus-Boutique-Hotel'
    },
    name: 'Forte Kochi',
    location: 'Kochi, Indien',
    description: 'Ein luxuriöses Heritage-Boutique-Hotel, das elegante Unterkünfte mit kolonialem Charme und modernem Komfort im Herzen von Fort Kochi bietet.',
    rating: 5
  },
  {
    image: {
      src: '/assets/Luxury/Kerala/hotel-amber-dale.webp',
      alt: 'Hotel Amber Dale'
    },
    name: 'Hotel Amber Dale',
    location: 'Munnar, Indien',
    description: 'Luxushotel in den Hügeln von Munnar mit atemberaubendem Blick auf die Teeplantagen, Premium-Annehmlichkeiten und Wellnesscenter.',
    rating: 5
  },
  {
    image: {
      src: '/assets/Luxury/Kerala/southern-panorama-cruise.webp',
      alt: 'Southern Panorama Cruise Luxury'
    },
    name: 'Southern Panorama Cruise Luxury',
    location: 'Alleppey, Indien',
    description: 'Luxuriöses Hausboot mit erstklassigem Service, traditioneller Kerala-Küche und Panoramablick auf die ruhigen Backwaters.',
    rating: 5
  }
]
[
  {
    image: {
      src: '/assets/Luxury/Golden Triangle/The Imperial.webp',
      alt: 'The Imperial Delhi'
    },
    name: 'The Imperial',
    location: 'New Delhi, India',
    description: 'Ein Wahrzeichen im Herzen Delhis, das Kolonialcharme und modernen Luxus mit tadellosem Service verbindet.',
    rating: 5
  },
  {
    image: {
      src: '/assets/Luxury/Golden Triangle/The Oberoi Amarvilas.webp',
      alt: 'The Oberoi Amarvilas'
    },
    name: 'The Oberoi Amarvilas',
    location: 'Agra, India',
    description: 'Luxusresort mit atemberaubendem Blick auf das Taj Mahal von jedem Zimmer aus, in mogulinspirierter Architektur.',
    rating: 5
  },
  {
    image: {
      src: '/assets/Luxury/Golden Triangle/Rambagh Palace.webp',
      alt: 'Rambagh Palace'
    },
    name: 'Taj Rambagh Palace',
    location: 'Jaipur, India',
    description: 'Ehemalige Residenz des Maharadschas von Jaipur, bietet unvergleichlichen Luxus und königliche Gastfreundschaft.',
    rating: 5
  }
]
[
  {
    image: {
      src: '/assets/Luxury/Rajasthan/Rambagh Palace.webp',
      alt: 'Rambagh Palace'
    },
    name: 'Rambagh Palace',
    location: 'Jaipur, India',
    description: 'Ehemalige Residenz des Maharadschas von Jaipur, bietet unvergleichlichen Luxus im Herzen der Pink City.',
    rating: 5
  },
  {
    image: {
      src: '/assets/Luxury/Rajasthan/Umaid Bhawan Palace.webp',
      alt: 'Umaid Bhawan Palace'
    },
    name: 'Umaid Bhawan Palace',
    location: 'Jodhpur, India',
    description: 'Eine der größten Privatresidenzen der Welt mit königlichen Suiten und tadellosem Service.',
    rating: 5
  },
  {
    image: {
      src: '/assets/Luxury/Rajasthan/raas-jodhpur.webp',
      alt: 'RAAS Jodhpur'
    },
    name: 'RAAS Jodhpur',
    location: 'Jodhpur, India',
    description: 'Boutique-Heritage-Hotel mit zeitgenössischem Design und herrlichem Blick auf das Mehrangarh Fort.',
    rating: 5
  },
  {
    image: {
      src: '/assets/Luxury/Rajasthan/Oberoi Udaivilas.webp',
      alt: 'Oberoi Udaivilas'
    },
    name: 'Oberoi Udaivilas',
    location: 'Udaipur, India',
    description: 'Weitläufiges Luxusresort am Pichola-See mit Palastarchitektur und atemberaubender Aussicht.',
    rating: 5
  }
]
[
  {
    image: {
      src: '/assets/Luxury/Karnataka/the-lalit-ashok.webp',
      alt: 'The LaLiT Ashok Bengaluru'
    },
    name: 'The LaLiT Ashok Bengaluru',
    location: 'Bengaluru, India',
    description: 'Роскошный отель с элегантными номерами и безупречным сервисом в самом сердце Бангалора.',
    rating: 5
  },
  {
    image: {
      src: '/assets/Luxury/Karnataka/radisson-blu-plaza.webp',
      alt: 'Radisson Blu Plaza Hotel, Mysore'
    },
    name: 'Radisson Blu Plaza Hotel, Mysore',
    location: 'Mysore, India',
    description: 'Отель премиум-класса, предлагающий королевское гостеприимство в культурной столице Карнатаки.',
    rating: 5
  },
  {
    image: {
      src: '/assets/Luxury/Karnataka/the-serai-bandipur.webp',
      alt: 'The Serai Bandipur'
    },
    name: 'The Serai Bandipur',
    location: 'Bandipur National Park, India',
    description: 'Роскошный курорт с захватывающим видом на дикую природу и эксклюзивными впечатлениями.',
    rating: 5
  }
]
[
  {
    image: {
      src: '/assets/Luxury/Mumbai/Taj Mahal Palace.webp',
      alt: 'Taj Mahal Palace'
    },
    name: 'Taj Mahal Palace',
    location: 'Мумбаи, Индия',
    description: 'Культовый роскошный отель с видом на Ворота Индии, предлагающий сервис мирового уровня.',
    rating: 5
  },
  {
    image: {
      src: '/assets/Luxury/Mumbai/The Oberoi.webp',
      alt: 'The Oberoi Mumbai'
    },
    name: 'The Oberoi',
    location: 'Мумбаи, Индия',
    description: 'Современный люкс-отель с потрясающим видом на Марин-Драйв и изысканной кухней.',
    rating: 5
  },
  {
    image: {
      src: '/assets/Luxury/Mumbai/Trident Nariman Point.webp',
      alt: 'Trident Nariman Point'
    },
    name: 'Trident Nariman Point',
    location: 'Мумбаи, Индия',
    description: 'Роскошный отель на побережье с панорамным видом на Аравийское море.',
    rating: 5
  }
]
[
  {
    image: {
      src: '/assets/Luxury/Golden Triangle/The Imperial.webp',
      alt: 'The Imperial Delhi'
    },
    name: 'The Imperial',
    location: 'New Delhi, India',
    description: 'Знаковый отель в самом сердце Дели, предлагающий шарм колониальной эпохи и современную роскошь с безупречным сервисом.',
    rating: 5
  },
  {
    image: {
      src: '/assets/Luxury/Golden Triangle/The Oberoi Amarvilas.webp',
      alt: 'The Oberoi Amarvilas'
    },
    name: 'The Oberoi Amarvilas',
    location: 'Agra, India',
    description: 'Роскошный курорт, предлагающий захватывающий вид на Тадж-Махал из каждого номера, с архитектурой в могольском стиле.',
    rating: 5
  },
  {
    image: {
      src: '/assets/Luxury/Golden Triangle/Rambagh Palace.webp',
      alt: 'Rambagh Palace'
    },
    name: 'Taj Rambagh Palace',
    location: 'Jaipur, India',
    description: 'Бывшая резиденция махараджи Джайпура, предлагающая непревзойденную роскошь и королевское гостеприимство в Розовом городе.',
    rating: 5
  }
]
[
  {
    image: {
      src: '/assets/Luxury/Kerala/grand-hyatt-kochi.webp',
      alt: 'Grand Hyatt Kochi Bolgatty'
    },
    name: 'Grand Hyatt Kochi Bolgatty',
    location: 'Кочи, Индия',
    description: 'Роскошный 5-звездочный отель на острове Болгатти с панорамным видом на заводи.',
    rating: 5
  },
  {
    image: {
      src: '/assets/Luxury/Kerala/blanket-resort.webp',
      alt: 'Blanket Hotel & Spa'
    },
    name: 'Blanket Hotel & Spa',
    location: 'Муннар, Индия',
    description: 'Горный курорт среди чайных плантаций с премиальными спа-услугами.',
    rating: 5
  },
  {
    image: {
      src: '/assets/Luxury/Kerala/elephant-court.webp',
      alt: 'Elephant Court'
    },
    name: 'Elephant Court',
    location: 'Теккади, Индия',
    description: 'Элегантный курорт рядом с заповедником Перияр.',
    rating: 5
  },
  {
    image: {
      src: '/assets/Luxury/Kerala/estuary-sarovar.webp',
      alt: 'Estuary Sarovar Portico'
    },
    name: 'Estuary Sarovar Portico',
    location: 'Пувар, Индия',
    description: 'Курорт на стыке реки и моря с уникальными видами на эстуарий.',
    rating: 5
  }
]
[
  {
    image: {
      src: '/assets/Luxury/Rajasthan/Rambagh Palace.webp',
      alt: 'Rambagh Palace'
    },
    name: 'Rambagh Palace',
    location: 'Jaipur, Indien',
    description: 'Ehemalige Residenz des Maharadschas von Jaipur mit unvergleichlichem Luxus im Herzen der Pink City.',
    rating: 5
  },
  {
    image: {
      src: '/assets/Luxury/Rajasthan/Oberoi Vanyavilas.webp',
      alt: 'Oberoi Vanyavilas'
    },
    name: 'Oberoi Vanyavilas',
    location: 'Ranthambore, Indien',
    description: 'Luxuriöses Zeltcamp für ein exquisites Wildniserlebnis mit erstklassigem Safari-Service.',
    rating: 5
  },
  {
    image: {
      src: '/assets/Luxury/Rajasthan/Umaid Bhawan Palace.webp',
      alt: 'Umaid Bhawan Palace'
    },
    name: 'Umaid Bhawan Palace',
    location: 'Jodhpur, Indien',
    description: 'Eine der weltweit größten Privatresidenzen mit königlichen Suiten und Art-Déco-Interieur.',
    rating: 5
  },
  {
    image: {
      src: '/assets/Luxury/Rajasthan/Oberoi Udaivilas.webp',
      alt: 'Oberoi Udaivilas'
    },
    name: 'Oberoi Udaivilas',
    location: 'Udaipur, Indien',
    description: 'Weitläufiges Luxusresort am Ufer des Pichola-Sees mit prachtvoller Palastarchitektur.',
    rating: 5
  }
]
[
  {
    image: {
      src: '/assets/Luxury/Golden Triangle/The Imperial.webp',
      alt: 'The Imperial Delhi'
    },
    name: 'The Imperial',
    location: 'New Delhi, India',
    description: 'Знаковый отель в центре Дели, сочетающий колониальный шарм, современную роскошь и безупречный сервис.',
    rating: 5
  },
  {
    image: {
      src: '/assets/Luxury/Golden Triangle/The Oberoi Amarvilas.webp',
      alt: 'The Oberoi Amarvilas'
    },
    name: 'The Oberoi Amarvilas',
    location: 'Agra, India',
    description: 'Роскошный курорт с захватывающим видом на Тадж-Махал из каждого номера и архитектурой в могольском стиле.',
    rating: 5
  },
  {
    image: {
      src: '/assets/Luxury/Golden Triangle/Rambagh Palace.webp',
      alt: 'Rambagh Palace'
    },
    name: 'Taj Rambagh Palace',
    location: 'Jaipur, India',
    description: 'Бывшая резиденция махараджи Джайпура, предлагающая непревзойденную роскошь и королевское гостеприимство.',
    rating: 5
  }
]
[
  {
    image: {
      src: '../../assets/Luxury/Rajasthan/Rambagh Palace.webp',
      alt: 'Rambagh Palace'
    },
    name: 'Rambagh Palace',
    location: 'Jaipur, India',
    description: 'Ehemalige Residenz des Maharadschas von Jaipur, die unvergleichlichen Luxus und königliche Gastfreundschaft im Herzen der Pink City bietet.',
    rating: 5
  },
  {
    image: {
      src: '../../assets/Luxury/Rajasthan/Jai Mahal Palace.webp',
      alt: 'Jai Mahal Palace'
    },
    name: 'Jai Mahal Palace',
    location: 'Jaipur, India',
    description: 'Palast aus dem 18. Jahrhundert inmitten von 18 Hektar Mogulgärten, der authentische Gastfreundschaft aus Rajasthan und Luxus bietet.',
    rating: 5
  },
  {
    image: {
      src: '../../assets/Luxury/Rajasthan/Oberoi Udaivilas.webp',
      alt: 'Oberoi Udaivilas'
    },
    name: 'Oberoi Udaivilas',
    location: 'Udaipur, India',
    description: 'Weitläufiges Luxusresort am Ufer des Pichola-Sees mit Palastarchitektur und atemberaubendem Seeblick.',
    rating: 5
  },
  {
    image: {
      src: '../../assets/Luxury/Rajasthan/Taj Lake Palace.webp',
      alt: 'Taj Lake Palace'
    },
    name: 'Taj Lake Palace',
    location: 'Udaipur, India',
    description: 'Marmorpalast aus dem 17. Jahrhundert, der auf dem Pichola-See schwimmt und romantischen Luxus sowie tadellosen Service bietet.',
    rating: 5
  }
]
[
  {
    image: {
      src: '../../assets/Luxury/Rajasthan/Rambagh Palace.webp',
      alt: 'Rambagh Palace'
    },
    name: 'Rambagh Palace',
    location: 'Jaipur, India',
    description: 'Бывшая резиденция махараджи Джайпура, предлагающая непревзойденную роскошь и королевское гостеприимство в самом сердце Розового города.',
    rating: 5
  },
  {
    image: {
      src: '../../assets/Luxury/Rajasthan/Jai Mahal Palace.webp',
      alt: 'Jai Mahal Palace'
    },
    name: 'Jai Mahal Palace',
    location: 'Jaipur, India',
    description: 'Дворец XVIII века, расположенный среди 18 акров могольских садов, предлагающий подлинное раджастханское гостеприимство и роскошь.',
    rating: 5
  },
  {
    image: {
      src: '../../assets/Luxury/Rajasthan/Oberoi Udaivilas.webp',
      alt: 'Oberoi Udaivilas'
    },
    name: 'Oberoi Udaivilas',
    location: 'Udaipur, India',
    description: 'Раскинувшийся роскошный курорт на берегу озера Пичола с дворцовой архитектурой и захватывающим видом на озеро.',
    rating: 5
  },
  {
    image: {
      src: '../../assets/Luxury/Rajasthan/Taj Lake Palace.webp',
      alt: 'Taj Lake Palace'
    },
    name: 'Taj Lake Palace',
    location: 'Udaipur, India',
    description: 'Мраморный дворец XVII века, «плавающий» на озере Пичола, предлагающий романтическую роскошь и безупречный сервис.',
    rating: 5
  }
]
undefined
[
  {
    image: {
      src: '/assets/Luxury/Golden Triangle/The Imperial.webp',
      alt: 'The Imperial Delhi'
    },
    name: 'The Imperial',
    location: 'New Delhi, India',
    description: 'Ein Wahrzeichen im Herzen von Delhi, das Charme aus der Kolonialzeit und modernen Luxus mit tadellosem Service bietet.',
    rating: 5
  },
  {
    image: {
      src: '/assets/Luxury/Golden Triangle/The Oberoi Amarvilas.webp',
      alt: 'The Oberoi Amarvilas'
    },
    name: 'The Oberoi Amarvilas',
    location: 'Agra, India',
    description: 'Luxusresort, das von jedem Zimmer aus einen atemberaubenden Blick auf das Taj Mahal bietet, mit von den Moguln inspirierter Architektur.',
    rating: 5
  },
  {
    image: {
      src: '/assets/Luxury/Golden Triangle/Rambagh Palace.webp',
      alt: 'Rambagh Palace'
    },
    name: 'Taj Rambagh Palace',
    location: 'Jaipur, India',
    description: 'Ehemalige Residenz des Maharadschas von Jaipur, die unvergleichlichen Luxus und königliche Gastfreundschaft in der Pink City bietet.',
    rating: 5
  }
]
[
  {
    image: {
      src: '/assets/Luxury/Karnataka/the-lalit-ashok.webp',
      alt: 'The LaLiT Ashok Bengaluru'
    },
    name: 'The LaLiT Ashok Bengaluru',
    location: 'Bengaluru, India',
    description: 'Luxushotel mit eleganten Zimmern und erstklassigem Service im Herzen von Bengaluru.',
    rating: 5
  },
  {
    image: {
      src: '/assets/Luxury/Karnataka/radisson-blu-plaza.webp',
      alt: 'Radisson Blu Plaza Hotel, Mysore'
    },
    name: 'Radisson Blu Plaza Hotel, Mysore',
    location: 'Mysore, India',
    description: 'Premium-Luxushotel mit königlicher Gastfreundschaft in der Kulturhauptstadt von Karnataka.',
    rating: 5
  },
  {
    image: {
      src: '/assets/Luxury/Karnataka/the-serai-bandipur.webp',
      alt: 'The Serai Bandipur'
    },
    name: 'The Serai Bandipur',
    location: 'Bandipur National Park, India',
    description: 'Luxusresort mit atemberaubendem Blick auf die Wildnis und exklusiven Naturerlebnissen.',
    rating: 5
  }
]
[
  {
    image: {
      src: '/assets/Luxury/Rajasthan/Rambagh Palace.webp',
      alt: 'Rambagh Palace'
    },
    name: 'Rambagh Palace',
    location: 'Jaipur, Indien',
    description: 'Ehemalige Residenz des Maharadschas von Jaipur mit unvergleichlichem Luxus im Herzen der Pink City.',
    rating: 5
  },
  {
    image: {
      src: '/assets/Luxury/Rajasthan/Oberoi Vanyavilas.webp',
      alt: 'Oberoi Vanyavilas'
    },
    name: 'Oberoi Vanyavilas',
    location: 'Ranthambore, Indien',
    description: 'Luxuriöses Zeltcamp für ein exquisites Wildniserlebnis mit erstklassigem Safari-Service.',
    rating: 5
  },
  {
    image: {
      src: '/assets/Luxury/Rajasthan/Umaid Bhawan Palace.webp',
      alt: 'Umaid Bhawan Palace'
    },
    name: 'Umaid Bhawan Palace',
    location: 'Jodhpur, Indien',
    description: 'Eine der weltweit größten Privatresidenzen mit königlichen Suiten und Art-Déco-Interieur.',
    rating: 5
  },
  {
    image: {
      src: '/assets/Luxury/Rajasthan/Oberoi Udaivilas.webp',
      alt: 'Oberoi Udaivilas'
    },
    name: 'Oberoi Udaivilas',
    location: 'Udaipur, Indien',
    description: 'Weitläufiges Luxusresort am Ufer des Pichola-Sees mit prachtvoller Palastarchitektur.',
    rating: 5
  }
]
[
  {
    image: {
      src: '/assets/Luxury/Rajasthan/Rambagh Palace.webp',
      alt: 'Rambagh Palace'
    },
    name: 'Rambagh Palace',
    location: 'Jaipur, India',
    description: 'Бывшая резиденция махараджи Джайпура, предлагающая непревзойденную роскошь в самом сердце Розового города.',
    rating: 5
  },
  {
    image: {
      src: '/assets/Luxury/Rajasthan/Umaid Bhawan Palace.webp',
      alt: 'Umaid Bhawan Palace'
    },
    name: 'Umaid Bhawan Palace',
    location: 'Jodhpur, India',
    description: 'Одна из крупнейших частных резиденций в мире с королевскими апартаментами и безупречным сервисом.',
    rating: 5
  },
  {
    image: {
      src: '/assets/Luxury/Rajasthan/raas-jodhpur.webp',
      alt: 'RAAS Jodhpur'
    },
    name: 'RAAS Jodhpur',
    location: 'Jodhpur, India',
    description: 'Бутик-отель в историческом стиле с современным дизайном и потрясающим видом на форт Мехрангарх.',
    rating: 5
  },
  {
    image: {
      src: '/assets/Luxury/Rajasthan/Oberoi Udaivilas.webp',
      alt: 'Oberoi Udaivilas'
    },
    name: 'Oberoi Udaivilas',
    location: 'Udaipur, India',
    description: 'Роскошный курорт на берегу озера Пичола с архитектурой дворца и захватывающими видами.',
    rating: 5
  }
]
   Generating static pages (308/617) 
   Generating static pages (462/617) 
 ✓ Generating static pages (617/617)
   Finalizing page optimization ...
   Collecting build traces ...
 ⚠ Statically exporting a Next.js application via `next export` disables API routes and middleware.
This command is meant for static-only hosts, and is not necessary to make your application static.
Pages in your application without server-side data dependencies will be automatically statically exported by `next build`, including pages powered by `getStaticProps`.
Learn more: https://nextjs.org/docs/messages/api-routes-static-export

Route (app)                                                      Size     First Load JS
┌ ○ /                                                            2.85 kB         693 kB
├ ○ /_not-found                                                  883 B          88.8 kB
├ ● /[locale]                                                    2.86 kB         693 kB
├   ├ /en
├   ├ /fr
├   ├ /it
├   └ [+2 more paths]
├ ● /[locale]/about                                              1.77 kB         692 kB
├   ├ /en/about
├   ├ /fr/about
├   ├ /it/about
├   └ [+2 more paths]
├ ● /[locale]/blog                                               3.4 kB          680 kB
├   ├ /ru/blog
├   ├ /it/blog
├   ├ /fr/blog
├   └ /de/blog
├ ● /[locale]/blog/andaman                                       3.46 kB         680 kB
├   ├ /en/blog/andaman
├   ├ /fr/blog/andaman
├   ├ /it/blog/andaman
├   └ [+2 more paths]
├ ● /[locale]/blog/kerala                                        4.61 kB         681 kB
├   ├ /en/blog/kerala
├   ├ /fr/blog/kerala
├   ├ /it/blog/kerala
├   └ [+2 more paths]
├ ● /[locale]/contact-us                                         7.68 kB         691 kB
├   ├ /ru/contact-us
├   ├ /it/contact-us
├   ├ /fr/contact-us
├   └ /de/contact-us
├ ● /[locale]/destinations                                       1.26 kB         682 kB
├   ├ /en/destinations
├   ├ /fr/destinations
├   ├ /it/destinations
├   └ [+2 more paths]
├ ● /[locale]/destinations/[category]                            4.17 kB         681 kB
├   ├ /en/destinations/day-trips
├   ├ /en/destinations/domestic
├   ├ /en/destinations/international
├   └ [+17 more paths]
├ ● /[locale]/destinations/[category]/[tour]                     8.75 kB         697 kB
├   ├ /en/destinations/day-trips/south-goa-1-day-cultural-&-beach-tour-package
├   ├ /en/destinations/day-trips/south-goa-sightseeing-tour
├   ├ /en/destinations/day-trips/south-goa-sunset-cruise
├   └ [+332 more paths]
├ ● /[locale]/landing-page                                       11.6 kB         695 kB
├   ├ /en/landing-page
├   ├ /fr/landing-page
├   ├ /it/landing-page
├   └ [+2 more paths]
├ ● /[locale]/legal/[slug]                                       2.48 kB         679 kB
├   ├ /ru/legal/privacy-policy
├   ├ /ru/legal/terms-and-conditions
├   ├ /it/legal/privacy-policy
├   └ [+5 more paths]
├ ● /[locale]/luxury-trips                                       3.49 kB         680 kB
├   ├ /en/luxury-trips
├   ├ /fr/luxury-trips
├   ├ /it/luxury-trips
├   └ [+2 more paths]
├ ● /[locale]/luxury-trips/[destinationSlug]                     7.69 kB         687 kB
├   ├ /ru/luxury-trips/kerala-luxury
├   ├ /ru/luxury-trips/mumbai-luxury
├   ├ /ru/luxury-trips/golden-triangle-luxury
├   └ [+21 more paths]
├ ● /[locale]/luxury-trips/[destinationSlug]/[tourSlug]          4.55 kB         681 kB
├   ├ /en/luxury-trips/kerala-luxury/kerala-luxury-package
├   ├ /en/luxury-trips/kerala-luxury/kerala-luxury-tour-package
├   ├ /en/luxury-trips/mumbai-luxury/mumbai-luxury-package
├   └ [+42 more paths]
├ ● /[locale]/services                                           4.32 kB         681 kB
├   ├ /en/services
├   ├ /fr/services
├   ├ /it/services
├   └ [+2 more paths]
├ ● /[locale]/services/customize-trip-package                    4.95 kB         681 kB
├   ├ /en/services/customize-trip-package
├   ├ /fr/services/customize-trip-package
├   ├ /it/services/customize-trip-package
├   └ [+2 more paths]
├ ● /[locale]/services/customized-group-tours                    4.43 kB         681 kB
├   ├ /en/services/customized-group-tours
├   ├ /fr/services/customized-group-tours
├   ├ /it/services/customized-group-tours
├   └ [+2 more paths]
├ ● /[locale]/services/domestic-international-trips              3.77 kB         684 kB
├   ├ /en/services/domestic-international-trips
├   ├ /fr/services/domestic-international-trips
├   ├ /it/services/domestic-international-trips
├   └ [+2 more paths]
├ ● /[locale]/services/flight-booking                            3.82 kB         680 kB
├   ├ /en/services/flight-booking
├   ├ /fr/services/flight-booking
├   ├ /it/services/flight-booking
├   └ [+2 more paths]
├ ● /[locale]/services/hotel-booking                             3.67 kB         680 kB
├   ├ /en/services/hotel-booking
├   ├ /fr/services/hotel-booking
├   ├ /it/services/hotel-booking
├   └ [+2 more paths]
├ ● /[locale]/services/visa-agent                                4.84 kB         681 kB
├   ├ /en/services/visa-agent
├   ├ /fr/services/visa-agent
├   ├ /it/services/visa-agent
├   └ [+2 more paths]
├ ○ /about                                                       1.77 kB         692 kB
├ ○ /blog                                                        3.3 kB          680 kB
├ ○ /blog/andaman                                                3.35 kB         680 kB
├ ○ /blog/kerala                                                 4.5 kB          681 kB
├ ○ /contact-us                                                  7.58 kB         691 kB
├ ○ /destinations                                                1.25 kB         682 kB
├ ● /destinations/[category]                                     4.07 kB         680 kB
├   ├ /destinations/day-trips
├   ├ /destinations/domestic
├   ├ /destinations/international
├   └ /destinations/luxury
├ ● /destinations/[category]/[tour]                              8.65 kB         697 kB
├   ├ /destinations/day-trips/south-goa-1-day-cultural-&-beach-tour-package
├   ├ /destinations/day-trips/south-goa-sightseeing-tour
├   ├ /destinations/day-trips/south-goa-sunset-cruise
├   └ [+64 more paths]
├ ○ /landing-page                                                11.5 kB         695 kB
├ ● /legal/[slug]                                                2.37 kB         679 kB
├   ├ /legal/privacy-policy
├   └ /legal/terms-and-conditions
├ ○ /luxury-trips                                                3.4 kB          680 kB
├ ● /luxury-trips/[destinationSlug]                              7.55 kB         684 kB
├   ├ /luxury-trips/kerala-luxury
├   ├ /luxury-trips/mumbai-luxury
├   ├ /luxury-trips/golden-triangle-luxury
├   └ [+3 more paths]
├ ● /luxury-trips/[destinationSlug]/[tourSlug]                   4.44 kB         681 kB
├   ├ /luxury-trips/kerala-luxury/kerala-luxury-package
├   ├ /luxury-trips/kerala-luxury/kerala-luxury-tour-package
├   ├ /luxury-trips/mumbai-luxury/mumbai-luxury-package
├   └ [+6 more paths]
├ ○ /services                                                    4.22 kB         681 kB
├ ○ /services/customize-trip-package                             4.84 kB         681 kB
├ ○ /services/customized-group-tours                             4.33 kB         681 kB
├ ○ /services/domestic-international-trips                       3.75 kB         684 kB
├ ○ /services/flight-booking                                     3.71 kB         680 kB
├ ○ /services/hotel-booking                                      3.56 kB         680 kB
└ ○ /services/visa-agent                                         4.74 kB         681 kB
+ First Load JS shared by all                                    87.9 kB
  ├ chunks/2117-8d6c1f8d0ac22b5a.js                              32.2 kB
  ├ chunks/fd9d1056-f8feaf29249728ec.js                          53.8 kB
  └ other shared chunks (total)                                  1.91 kB


ƒ Middleware                                                     26.5 kB

○  (Static)  prerendered as static content
●  (SSG)     prerendered as static HTML (uses getStaticProps)

